$ mkdir store

Lenovo@Lenovo-PC MINGW64 ~ (master)
$ cd store

Lenovo@Lenovo-PC MINGW64 ~/store (master)
$ git init
Initialized empty Git repository in C:/Users/Lenovo/store/.git/

Lenovo@Lenovo-PC MINGW64 ~/store (master)
$ git status
On branch master

Initial commit

nothing to commit (create/copy files and use "git add" to track)

Lenovo@Lenovo-PC MINGW64 ~/store (master)
$ git status
On branch master

Initial commit

Untracked files:
  (use "git add <file>..." to include in what will be committed)

        file1.txt
        file2.txt
        file3.txt

nothing added to commit but untracked files present (use "git add" to track)

Lenovo@Lenovo-PC MINGW64 ~/store (master)
$ git add --all

Lenovo@Lenovo-PC MINGW64 ~/store (master)
$ git status
On branch master

Initial commit

Changes to be committed:
  (use "git rm --cached <file>..." to unstage)

        new file:   file1.txt
        new file:   file2.txt
        new file:   file3.txt


Lenovo@Lenovo-PC MINGW64 ~/store (master)
$ git commit -m "added files 1,2 and 3"
[master (root-commit) 07fe683] added files 1,2 and 3
 3 files changed, 85 insertions(+)
 create mode 100644 file1.txt
 create mode 100644 file2.txt
 create mode 100644 file3.txt

Lenovo@Lenovo-PC MINGW64 ~/store (master)
$
commit f95083bacf2c48c9e3578794f7b8ca7b6671a7af (HEAD -> master, origin/master)
Author: omarwalid55 <36336200+omarwalid55@users.noreply.github.com>
Date:   Sun Feb 11 13:37:37 2018 +0200

    Revert "deleted file3"

    This reverts commit 98f6c7927088245edce383c083d7ae00e2d870d3.

