$ mkdir store

Lenovo@Lenovo-PC MINGW64 ~ (master)
$ cd store

Lenovo@Lenovo-PC MINGW64 ~/store (master)
$ git init
Initialized empty Git repository in C:/Users/Lenovo/store/.git/

Lenovo@Lenovo-PC MINGW64 ~/store (master)
$ git status
On branch master

Initial commit

nothing to commit (create/copy files and use "git add" to track)

Lenovo@Lenovo-PC MINGW64 ~/store (master)
$ git status
On branch master

Initial commit

Untracked files:
  (use "git add <file>..." to include in what will be committed)

        file1.txt
        file2.txt
        file3.txt

nothing added to commit but untracked files present (use "git add" to track)

Lenovo@Lenovo-PC MINGW64 ~/store (master)
$ git add --all

Lenovo@Lenovo-PC MINGW64 ~/store (master)
$ git status
On branch master

Initial commit

Changes to be committed:
  (use "git rm --cached <file>..." to unstage)

        new file:   file1.txt
        new file:   file2.txt
        new file:   file3.txt


Lenovo@Lenovo-PC MINGW64 ~/store (master)
$ git commit -m "added files 1,2 and 3"
[master (root-commit) 07fe683] added files 1,2 and 3
 3 files changed, 85 insertions(+)
 create mode 100644 file1.txt
 create mode 100644 file2.txt
 create mode 100644 file3.txt

Lenovo@Lenovo-PC MINGW64 ~/store (master)
$
